
> jubair-ahmad-portfolio@0.0.0 dev
> vite

/root/mybio/profile/node_modules/rollup/dist/native.js:115
		throw new Error(
		      ^

Error: Cannot find module @rollup/rollup-android-arm64. npm has a bug related to optional dependencies (https://github.com/npm/cli/issues/4828). Please try `npm i` again after removing both package-lock.json and node_modules directory.
    at requireWithFriendlyError (/root/mybio/profile/node_modules/rollup/dist/native.js:115:9)
    at Object.<anonymous> (/root/mybio/profile/node_modules/rollup/dist/native.js:124:76)
    at Module._compile (node:internal/modules/cjs/loader:1760:14)
    at Module._extensions..js (node:internal/modules/cjs/loader:1892:10)
    at Module.load (node:internal/modules/cjs/loader:1480:32)
    ... 2 lines matching cause stack trace ...
    at wrapModuleLoad (node:internal/modules/cjs/loader:245:24)
    at loadCJSModuleWithModuleLoad (node:internal/modules/esm/translators:339:3)
    at ModuleWrap.<anonymous> (node:internal/modules/esm/translators:242:7) {
  [cause]: Error: dlopen failed: library "/root/mybio/profile/node_modules/@rollup/rollup-android-arm64/rollup.android-arm64.node" needed or dlopened by "/data/data/com.termux/files/usr/bin/node" is not accessible for the namespace "(default)"
      at Module._extensions..node (node:internal/modules/cjs/loader:1919:18)
      at Module.load (node:internal/modules/cjs/loader:1480:32)
      at Module._load (node:internal/modules/cjs/loader:1299:12)
      at TracingChannel.traceSync (node:diagnostics_channel:328:14)
      at wrapModuleLoad (node:internal/modules/cjs/loader:245:24)
      at Module.require (node:internal/modules/cjs/loader:1503:12)
      at require (node:internal/modules/helpers:152:16)
      at requireWithFriendlyError (/root/mybio/profile/node_modules/rollup/dist/native.js:97:10)
      at Object.<anonymous> (/root/mybio/profile/node_modules/rollup/dist/native.js:124:76)
      at Module._compile (node:internal/modules/cjs/loader:1760:14) {
    code: 'ERR_DLOPEN_FAILED'
  }
}

Node.js v25.3.0
